// Jest Snapshot v1, https://goo.gl/fbAQLP

exports[`ArenguForm ArenguForm. Render a form 1`] = `<div />`;
